#
# There is insufficient memory for the Java Runtime Environment to continue.
# Native memory allocation (malloc) failed to allocate 1048576 bytes. Error detail: AllocateHeap
# Possible reasons:
#   The system is out of physical RAM or swap space
#   This process is running with CompressedOops enabled, and the Java Heap may be blocking the growth of the native heap
# Possible solutions:
#   Reduce memory load on the system
#   Increase physical memory or swap space
#   Check if swap backing store is full
#   Decrease Java heap size (-Xmx/-Xms)
#   Decrease number of Java threads
#   Decrease Java thread stack sizes (-Xss)
#   Set larger code cache with -XX:ReservedCodeCacheSize=
#   JVM is running with Unscaled Compressed Oops mode in which the Java heap is
#     placed in the first 4GB address space. The Java Heap base address is the
#     maximum limit for the native heap growth. Please use -XX:HeapBaseMinAddress
#     to set the Java Heap base and to place the Java Heap above 4GB virtual address.
# This output file may be truncated or incomplete.
#
#  Out of Memory Error (allocation.cpp:44), pid=6916, tid=4892
#
# JRE version: OpenJDK Runtime Environment Temurin-21.0.10+7 (21.0.10+7) (build 21.0.10+7-LTS)
# Java VM: OpenJDK 64-Bit Server VM Temurin-21.0.10+7 (21.0.10+7-LTS, mixed mode, sharing, tiered, compressed oops, compressed class ptrs, parallel gc, windows-amd64)
# No core dump will be written. Minidumps are not enabled by default on client versions of Windows
#

---------------  S U M M A R Y ------------

Command Line: --add-modules=ALL-SYSTEM --add-opens=java.base/java.util=ALL-UNNAMED --add-opens=java.base/java.lang=ALL-UNNAMED --add-opens=java.base/sun.nio.fs=ALL-UNNAMED -Declipse.application=org.eclipse.jdt.ls.core.id1 -Dosgi.bundles.defaultStartLevel=4 -Declipse.product=org.eclipse.jdt.ls.core.product -Djava.import.generatesMetadataFilesAtProjectRoot=false -DDetectVMInstallationsJob.disabled=true -Dfile.encoding=utf8 -XX:+UseParallelGC -XX:GCTimeRatio=4 -XX:AdaptiveSizePolicyWeight=90 -Dsun.zip.disableMemoryMapping=true -Xmx2G -Xms100m -Xlog:disable -javaagent:c:\Users\Alunos\.vscode\extensions\redhat.java-1.54.0-win32-x64\lombok\lombok-1.18.39-4050.jar -XX:+HeapDumpOnOutOfMemoryError -XX:HeapDumpPath=c:\Users\Alunos\AppData\Roaming\Code\User\workspaceStorage\6147d79d888cd43bad555ed036615115\redhat.java -Daether.dependencyCollector.impl=bf c:\Users\Alunos\.vscode\extensions\redhat.java-1.54.0-win32-x64\server\plugins\org.eclipse.equinox.launcher_1.7.100.v20251111-0406.jar -configuration c:\Users\Alunos\AppData\Roaming\Code\User\globalStorage\redhat.java\1.54.0\config_win -data c:\Users\Alunos\AppData\Roaming\Code\User\workspaceStorage\6147d79d888cd43bad555ed036615115\redhat.java\jdt_ws --pipe=\\.\pipe\lsp-7672868ae0a7b301f9838c6da529ce41-sock

Host: Intel(R) Core(TM) i5-7500 CPU @ 3.40GHz, 4 cores, 7G,  Windows 11 , 64 bit Build 26100 (10.0.26100.8328)
Time: Wed May 27 10:33:36 2026 Hora oficial do Brasil elapsed time: 2672.784629 seconds (0d 0h 44m 32s)

---------------  T H R E A D  ---------------

Current thread (0x00000252e97c3000):  JavaThread "Attach Listener" daemon [_thread_in_vm, id=4892, stack(0x00000063a5b00000,0x00000063a5c00000) (1024K)]

Stack: [0x00000063a5b00000,0x00000063a5c00000]
Native frames: (J=compiled Java code, j=interpreted, Vv=VM code, C=native code)
V  [jvm.dll+0x6d7a39]
V  [jvm.dll+0x8b4b26]
V  [jvm.dll+0x8b70de]
V  [jvm.dll+0x8b77c3]
V  [jvm.dll+0x284346]
V  [jvm.dll+0xc1277]
V  [jvm.dll+0x6d82e9]
V  [jvm.dll+0x1334a6]
V  [jvm.dll+0x3f857e]
V  [jvm.dll+0x85f59d]
V  [jvm.dll+0x6d626d]
C  [ucrtbase.dll+0x37b0]
C  [KERNEL32.DLL+0x2e957]
C  [ntdll.dll+0x427c]


---------------  P R O C E S S  ---------------

Threads class SMR info:
_java_thread_list=0x00000252efa12140, length=37, elements={
0x00000252d11b4a40, 0x00000252d126ae50, 0x00000252d126bd70, 0x00000252e97c0750,
0x00000252e97c3000, 0x00000252e97c7100, 0x00000252e97c7dc0, 0x00000252e97cc520,
0x00000252e9802c20, 0x00000252ea6295c0, 0x00000252ea74a300, 0x00000252ef57a030,
0x00000252ef5d9120, 0x00000252ef816ee0, 0x00000252ef666000, 0x00000252ef89c0e0,
0x00000252ef392160, 0x00000252ef411bf0, 0x00000252efcabe60, 0x00000252efcab140,
0x00000252efcab7d0, 0x00000252efcaa420, 0x00000252efcaaab0, 0x00000252f0b54be0,
0x00000252f0b52b10, 0x00000252f0b53830, 0x00000252f0b52480, 0x00000252f0b53ec0,
0x00000252f0b54550, 0x00000252f0b55270, 0x00000252f20acfd0, 0x00000252f383da80,
0x00000252f383a600, 0x00000252f383d3f0, 0x00000252f3840870, 0x00000252f383e7a0,
0x00000252f3839f70
}

Java Threads: ( => current thread )
  0x00000252d11b4a40 JavaThread "main"                              [_thread_blocked, id=972, stack(0x00000063a5400000,0x00000063a5500000) (1024K)]
  0x00000252d126ae50 JavaThread "Reference Handler"          daemon [_thread_blocked, id=8396, stack(0x00000063a5800000,0x00000063a5900000) (1024K)]
  0x00000252d126bd70 JavaThread "Finalizer"                  daemon [_thread_blocked, id=10800, stack(0x00000063a5900000,0x00000063a5a00000) (1024K)]
  0x00000252e97c0750 JavaThread "Signal Dispatcher"          daemon [_thread_blocked, id=10884, stack(0x00000063a5a00000,0x00000063a5b00000) (1024K)]
=>0x00000252e97c3000 JavaThread "Attach Listener"            daemon [_thread_in_vm, id=4892, stack(0x00000063a5b00000,0x00000063a5c00000) (1024K)]
  0x00000252e97c7100 JavaThread "Service Thread"             daemon [_thread_blocked, id=11604, stack(0x00000063a5c00000,0x00000063a5d00000) (1024K)]
  0x00000252e97c7dc0 JavaThread "Monitor Deflation Thread"   daemon [_thread_blocked, id=2772, stack(0x00000063a5d00000,0x00000063a5e00000) (1024K)]
  0x00000252e97cc520 JavaThread "C2 CompilerThread0"         daemon [_thread_blocked, id=8032, stack(0x00000063a5e00000,0x00000063a5f00000) (1024K)]
  0x00000252e9802c20 JavaThread "C1 CompilerThread0"         daemon [_thread_blocked, id=904, stack(0x00000063a5f00000,0x00000063a6000000) (1024K)]
  0x00000252ea6295c0 JavaThread "Common-Cleaner"             daemon [_thread_blocked, id=10640, stack(0x00000063a6000000,0x00000063a6100000) (1024K)]
  0x00000252ea74a300 JavaThread "Notification Thread"        daemon [_thread_blocked, id=6432, stack(0x00000063a6100000,0x00000063a6200000) (1024K)]
  0x00000252ef57a030 JavaThread "Active Thread: Equinox Container: 5881799b-06b8-4f03-9089-4aa8a385153a"        [_thread_blocked, id=1860, stack(0x00000063a6600000,0x00000063a6700000) (1024K)]
  0x00000252ef5d9120 JavaThread "Refresh Thread: Equinox Container: 5881799b-06b8-4f03-9089-4aa8a385153a" daemon [_thread_blocked, id=11340, stack(0x00000063a6700000,0x00000063a6800000) (1024K)]
  0x00000252ef816ee0 JavaThread "Framework Event Dispatcher: Equinox Container: 5881799b-06b8-4f03-9089-4aa8a385153a" daemon [_thread_blocked, id=8008, stack(0x00000063a6800000,0x00000063a6900000) (1024K)]
  0x00000252ef666000 JavaThread "Start Level: Equinox Container: 5881799b-06b8-4f03-9089-4aa8a385153a" daemon [_thread_blocked, id=1728, stack(0x00000063a6900000,0x00000063a6a00000) (1024K)]
  0x00000252ef89c0e0 JavaThread "Bundle File Closer"         daemon [_thread_blocked, id=11652, stack(0x00000063a6200000,0x00000063a6300000) (1024K)]
  0x00000252ef392160 JavaThread "SCR Component Actor"        daemon [_thread_blocked, id=9456, stack(0x00000063a6a00000,0x00000063a6b00000) (1024K)]
  0x00000252ef411bf0 JavaThread "Worker-JM"                         [_thread_blocked, id=11424, stack(0x00000063a6c00000,0x00000063a6d00000) (1024K)]
  0x00000252efcabe60 JavaThread "JNA Cleaner"                daemon [_thread_blocked, id=7676, stack(0x00000063a6b00000,0x00000063a6c00000) (1024K)]
  0x00000252efcab140 JavaThread "Worker-1"                          [_thread_blocked, id=1928, stack(0x00000063a6e00000,0x00000063a6f00000) (1024K)]
  0x00000252efcab7d0 JavaThread "Java indexing"              daemon [_thread_blocked, id=5084, stack(0x00000063a7100000,0x00000063a7200000) (1024K)]
  0x00000252efcaa420 JavaThread "Worker-4"                          [_thread_blocked, id=11224, stack(0x00000063a7500000,0x00000063a7600000) (1024K)]
  0x00000252efcaaab0 JavaThread "Thread-1"                   daemon [_thread_in_native, id=11380, stack(0x00000063a7700000,0x00000063a7800000) (1024K)]
  0x00000252f0b54be0 JavaThread "Thread-2"                   daemon [_thread_in_native, id=9356, stack(0x00000063a7800000,0x00000063a7900000) (1024K)]
  0x00000252f0b52b10 JavaThread "Thread-3"                   daemon [_thread_in_native, id=11964, stack(0x00000063a7900000,0x00000063a7a00000) (1024K)]
  0x00000252f0b53830 JavaThread "Thread-4"                   daemon [_thread_in_native, id=3120, stack(0x00000063a7a00000,0x00000063a7b00000) (1024K)]
  0x00000252f0b52480 JavaThread "Thread-5"                   daemon [_thread_in_native, id=11508, stack(0x00000063a7b00000,0x00000063a7c00000) (1024K)]
  0x00000252f0b53ec0 JavaThread "pool-2-thread-1"                   [_thread_blocked, id=2336, stack(0x00000063a7c00000,0x00000063a7d00000) (1024K)]
  0x00000252f0b54550 JavaThread "WorkspaceEventsHandler"            [_thread_blocked, id=11932, stack(0x00000063a7d00000,0x00000063a7e00000) (1024K)]
  0x00000252f0b55270 JavaThread "pool-1-thread-1"                   [_thread_blocked, id=5404, stack(0x00000063a7e00000,0x00000063a7f00000) (1024K)]
  0x00000252f20acfd0 JavaThread "Cleaner-0"                  daemon [_thread_blocked, id=9188, stack(0x00000063a8200000,0x00000063a8300000) (1024K)]
  0x00000252f383da80 JavaThread "ForkJoinPool.commonPool-worker-6" daemon [_thread_blocked, id=8824, stack(0x00000063a5300000,0x00000063a5400000) (1024K)]
  0x00000252f383a600 JavaThread "ForkJoinPool.commonPool-worker-7" daemon [_thread_blocked, id=8732, stack(0x00000063a5100000,0x00000063a5200000) (1024K)]
  0x00000252f383d3f0 JavaThread "ForkJoinPool.commonPool-worker-8" daemon [_thread_blocked, id=12944, stack(0x00000063a5200000,0x00000063a5300000) (1024K)]
  0x00000252f3840870 JavaThread "Worker-6"                          [_thread_blocked, id=9092, stack(0x00000063a6f00000,0x00000063a7000000) (1024K)]
  0x00000252f383e7a0 JavaThread "Worker-7"                          [_thread_blocked, id=9100, stack(0x00000063a7000000,0x00000063a7100000) (1024K)]
  0x00000252f3839f70 JavaThread "pool-1-thread-9"                   [_thread_blocked, id=2816, stack(0x00000063a6d00000,0x00000063a6e00000) (1024K)]
Total: 37

Other Threads:
  0x00000252e97bedc0 VMThread "VM Thread"                           [id=3248, stack(0x00000063a5700000,0x00000063a5800000) (1024K)]
  0x00000252d12216e0 WatcherThread "VM Periodic Task Thread"        [id=9668, stack(0x00000063a5600000,0x00000063a5700000) (1024K)]
  0x00000252d11d3180 WorkerThread "GC Thread#0"                     [id=1240, stack(0x00000063a5500000,0x00000063a5600000) (1024K)]
  0x00000252ef379f20 WorkerThread "GC Thread#1"                     [id=2304, stack(0x00000063a6300000,0x00000063a6400000) (1024K)]
  0x00000252ef116ea0 WorkerThread "GC Thread#2"                     [id=6768, stack(0x00000063a6400000,0x00000063a6500000) (1024K)]
  0x00000252ef37a2d0 WorkerThread "GC Thread#3"                     [id=2236, stack(0x00000063a6500000,0x00000063a6600000) (1024K)]
Total: 6

Threads with active compile tasks:
Total: 0

VM state: not at safepoint (normal execution)

VM Mutex/Monitor currently owned by a thread: None

Heap address: 0x0000000080000000, size: 2048 MB, Compressed Oops mode: 32-bit

CDS archive(s) mapped at: [0x0000025280000000-0x0000025280ba0000-0x0000025280ba0000), size 12189696, SharedBaseAddress: 0x0000025280000000, ArchiveRelocationMode: 1.
Compressed class space mapped at: 0x0000025281000000-0x00000252c1000000, reserved size: 1073741824
Narrow klass base: 0x0000025280000000, Narrow klass shift: 0, Narrow klass range: 0x100000000

GC Precious Log:
 CardTable entry size: 512
 CPUs: 4 total, 4 available
 Memory: 8098M
 Large Page Support: Disabled
 NUMA Support: Disabled
 Compressed Oops: Enabled (32-bit)
 Alignments: Space 512K, Generation 512K, Heap 2M
 Heap Min Capacity: 100M
 Heap Initial Capacity: 100M
 Heap Max Capacity: 2G
 Pre-touch: Disabled
 Parallel Workers: 4

Heap:
 PSYoungGen      total 5632K, used 1624K [0x00000000d5580000, 0x00000000d5c00000, 0x0000000100000000)
  eden space 4608K, 24% used [0x00000000d5580000,0x00000000d5696058,0x00000000d5a00000)
  from space 1024K, 50% used [0x00000000d5a00000,0x00000000d5a80000,0x00000000d5b00000)
  to   space 1024K, 0% used [0x00000000d5b00000,0x00000000d5b00000,0x00000000d5c00000)
 ParOldGen       total 1304576K, used 1304357K [0x0000000080000000, 0x00000000cfa00000, 0x00000000d5580000)
  object space 1304576K, 99% used [0x0000000080000000,0x00000000cf9c9590,0x00000000cfa00000)
 Metaspace       used 85545K, committed 87360K, reserved 1179648K
  class space    used 8537K, committed 9344K, reserved 1048576K

Card table byte_map: [0x00000252e4bc0000,0x00000252e4fd0000] _byte_map_base: 0x00000252e47c0000

Marking Bits: (ParMarkBitMap*) 0x00007ffd022b3450
 Begin Bits: [0x00000252e5280000, 0x00000252e7280000)
 End Bits:   [0x00000252e7280000, 0x00000252e9280000)

Polling page: 0x00000252d1270000

Metaspace:

Usage:
  Non-class:     75.20 MB used.
      Class:      8.34 MB used.
       Both:     83.54 MB used.

Virtual space:
  Non-class space:      128.00 MB reserved,      76.19 MB ( 60%) committed,  2 nodes.
      Class space:        1.00 GB reserved,       9.12 MB ( <1%) committed,  1 nodes.
             Both:        1.12 GB reserved,      85.31 MB (  7%) committed. 

Chunk freelists:
   Non-Class:  3.42 MB
       Class:  6.69 MB
        Both:  10.11 MB

MaxMetaspaceSize: unlimited
CompressedClassSpaceSize: 1.00 GB
Initial GC threshold: 21.00 MB
Current GC threshold: 136.81 MB
CDS: on
 - commit_granule_bytes: 65536.
 - commit_granule_words: 8192.
 - virtual_space_node_default_size: 8388608.
 - enlarge_chunks_in_place: 1.
 - use_allocation_guard: 0.


Internal statistics:

num_allocs_failed_limit: 11.
num_arena_births: 1666.
num_arena_deaths: 14.
num_vsnodes_births: 3.
num_vsnodes_deaths: 0.
num_space_committed: 1365.
num_space_uncommitted: 0.
num_chunks_returned_to_freelist: 25.
num_chunks_taken_from_freelist: 6015.
num_chunk_merges: 11.
num_chunk_splits: 3577.
num_chunks_enlarged: 1931.
num_inconsistent_stats: 0.

CodeHeap 'non-profiled nmethods': size=120000Kb used=28188Kb max_used=28188Kb free=91811Kb
 bounds [0x00000252dd4b0000, 0x00000252df040000, 0x00000252e49e0000]
CodeHeap 'profiled nmethods': size=120000Kb used=51762Kb max_used=51762Kb free=68237Kb
 bounds [0x00000252d59e0000, 0x00000252d8c70000, 0x00000252dcf10000]
CodeHeap 'non-nmethods': size=5760Kb used=1500Kb max_used=1601Kb free=4259Kb
 bounds [0x00000252dcf10000, 0x00000252dd180000, 0x00000252dd4b0000]
CodeCache: size=245760Kb, used=81450Kb, max_used=81551Kb, free=164307Kb
 total_blobs=20274, nmethods=19456, adapters=717, full_count=0
Compilation: enabled, stopped_count=0, restarted_count=0

Compilation events (20 events):
Event: 2671.637 Thread 0x00000252e97cc520 23799       4       org.eclipse.lsp4j.WorkDoneProgressReport::getKind (4 bytes)
Event: 2671.637 Thread 0x00000252e97cc520 nmethod 23799 0x00000252df036810 code [0x00000252df0369a0, 0x00000252df036a30]
Event: 2671.638 Thread 0x00000252e9802c20 23800       3       org.eclipse.jdt.internal.compiler.parser.RecoveredMethod::updateSourceEndIfNecessary (71 bytes)
Event: 2671.638 Thread 0x00000252e9802c20 nmethod 23800 0x00000252d8c68290 code [0x00000252d8c68480, 0x00000252d8c688e0]
Event: 2671.638 Thread 0x00000252e9802c20 23801       3       org.eclipse.jdt.internal.compiler.parser.RecoveredType::add (237 bytes)
Event: 2671.642 Thread 0x00000252e9802c20 nmethod 23801 0x00000252d8c68a90 code [0x00000252d8c68ce0, 0x00000252d8c697d0]
Event: 2671.642 Thread 0x00000252e9802c20 23802       3       org.eclipse.jdt.internal.compiler.parser.RecoveredMethod::attach (141 bytes)
Event: 2671.642 Thread 0x00000252e9802c20 nmethod 23802 0x00000252d8c69b10 code [0x00000252d8c69d00, 0x00000252d8c6a368]
Event: 2671.653 Thread 0x00000252e9802c20 23803       3       org.eclipse.lsp4j.jsonrpc.messages.CancelParams::<init> (5 bytes)
Event: 2671.653 Thread 0x00000252e9802c20 nmethod 23803 0x00000252d8c6a690 code [0x00000252d8c6a840, 0x00000252d8c6a9a8]
Event: 2671.854 Thread 0x00000252e97cc520 23804       4       org.eclipse.jdt.internal.compiler.parser.RecoveredMethod::add (164 bytes)
Event: 2671.856 Thread 0x00000252e97cc520 nmethod 23804 0x00000252df036b10 code [0x00000252df036cc0, 0x00000252df037028]
Event: 2672.049 Thread 0x00000252e9802c20 23805       3       org.eclipse.jdt.internal.compiler.parser.diagnose.RangeUtil::containsIgnoredBody (28 bytes)
Event: 2672.049 Thread 0x00000252e9802c20 nmethod 23805 0x00000252d8c6aa90 code [0x00000252d8c6ac60, 0x00000252d8c6afa8]
Event: 2672.049 Thread 0x00000252e9802c20 23806       3       org.eclipse.jdt.internal.compiler.parser.diagnose.RangeUtil::containsErrorInSignature (28 bytes)
Event: 2672.049 Thread 0x00000252e9802c20 nmethod 23806 0x00000252d8c6b090 code [0x00000252d8c6b240, 0x00000252d8c6b3d0]
Event: 2672.467 Thread 0x00000252e9802c20 23807       3       org.eclipse.jdt.internal.compiler.parser.RecoveredField::<init> (9 bytes)
Event: 2672.467 Thread 0x00000252e9802c20 nmethod 23807 0x00000252d8c6b490 code [0x00000252d8c6b640, 0x00000252d8c6b910]
Event: 2672.468 Thread 0x00000252e9802c20 23808       3       org.eclipse.jdt.internal.compiler.parser.RecoveredField::updatedFieldDeclaration (566 bytes)
Event: 2672.469 Thread 0x00000252e9802c20 nmethod 23808 0x00000252d8c6ba90 code [0x00000252d8c6bd80, 0x00000252d8c6d1d0]

GC Heap History (20 events):
Event: 2671.092 GC heap before
{Heap before GC invocations=4121 (full 5):
 PSYoungGen      total 3072K, used 2672K [0x00000000d5580000, 0x00000000d5a00000, 0x0000000100000000)
  eden space 2048K, 100% used [0x00000000d5580000,0x00000000d5780000,0x00000000d5780000)
  from space 1024K, 60% used [0x00000000d5780000,0x00000000d581c010,0x00000000d5880000)
  to   space 1024K, 0% used [0x00000000d5900000,0x00000000d5900000,0x00000000d5a00000)
 ParOldGen       total 1297920K, used 1297591K [0x0000000080000000, 0x00000000cf380000, 0x00000000d5580000)
  object space 1297920K, 99% used [0x0000000080000000,0x00000000cf32de50,0x00000000cf380000)
 Metaspace       used 85533K, committed 87360K, reserved 1179648K
  class space    used 8537K, committed 9344K, reserved 1048576K
}
Event: 2671.095 GC heap after
{Heap after GC invocations=4121 (full 5):
 PSYoungGen      total 3584K, used 864K [0x00000000d5580000, 0x00000000d5a00000, 0x0000000100000000)
  eden space 2560K, 0% used [0x00000000d5580000,0x00000000d5580000,0x00000000d5800000)
  from space 1024K, 84% used [0x00000000d5900000,0x00000000d59d8000,0x00000000d5a00000)
  to   space 1024K, 0% used [0x00000000d5800000,0x00000000d5800000,0x00000000d5900000)
 ParOldGen       total 1298432K, used 1298055K [0x0000000080000000, 0x00000000cf400000, 0x00000000d5580000)
  object space 1298432K, 99% used [0x0000000080000000,0x00000000cf3a1f00,0x00000000cf400000)
 Metaspace       used 85533K, committed 87360K, reserved 1179648K
  class space    used 8537K, committed 9344K, reserved 1048576K
}
Event: 2671.228 GC heap before
{Heap before GC invocations=4122 (full 5):
 PSYoungGen      total 3584K, used 3424K [0x00000000d5580000, 0x00000000d5a00000, 0x0000000100000000)
  eden space 2560K, 100% used [0x00000000d5580000,0x00000000d5800000,0x00000000d5800000)
  from space 1024K, 84% used [0x00000000d5900000,0x00000000d59d8000,0x00000000d5a00000)
  to   space 1024K, 0% used [0x00000000d5800000,0x00000000d5800000,0x00000000d5900000)
 ParOldGen       total 1298432K, used 1298055K [0x0000000080000000, 0x00000000cf400000, 0x00000000d5580000)
  object space 1298432K, 99% used [0x0000000080000000,0x00000000cf3a1f00,0x00000000cf400000)
 Metaspace       used 85533K, committed 87360K, reserved 1179648K
  class space    used 8537K, committed 9344K, reserved 1048576K
}
Event: 2671.231 GC heap after
{Heap after GC invocations=4122 (full 5):
 PSYoungGen      total 3584K, used 576K [0x00000000d5580000, 0x00000000d5a80000, 0x0000000100000000)
  eden space 2560K, 0% used [0x00000000d5580000,0x00000000d5580000,0x00000000d5800000)
  from space 1024K, 56% used [0x00000000d5800000,0x00000000d5890000,0x00000000d5900000)
  to   space 1024K, 0% used [0x00000000d5980000,0x00000000d5980000,0x00000000d5a80000)
 ParOldGen       total 1298944K, used 1298771K [0x0000000080000000, 0x00000000cf480000, 0x00000000d5580000)
  object space 1298944K, 99% used [0x0000000080000000,0x00000000cf454c18,0x00000000cf480000)
 Metaspace       used 85533K, committed 87360K, reserved 1179648K
  class space    used 8537K, committed 9344K, reserved 1048576K
}
Event: 2671.632 GC heap before
{Heap before GC invocations=4123 (full 5):
 PSYoungGen      total 3584K, used 3136K [0x00000000d5580000, 0x00000000d5a80000, 0x0000000100000000)
  eden space 2560K, 100% used [0x00000000d5580000,0x00000000d5800000,0x00000000d5800000)
  from space 1024K, 56% used [0x00000000d5800000,0x00000000d5890000,0x00000000d5900000)
  to   space 1024K, 0% used [0x00000000d5980000,0x00000000d5980000,0x00000000d5a80000)
 ParOldGen       total 1298944K, used 1298771K [0x0000000080000000, 0x00000000cf480000, 0x00000000d5580000)
  object space 1298944K, 99% used [0x0000000080000000,0x00000000cf454c18,0x00000000cf480000)
 Metaspace       used 85533K, committed 87360K, reserved 1179648K
  class space    used 8537K, committed 9344K, reserved 1048576K
}
Event: 2671.634 GC heap after
{Heap after GC invocations=4123 (full 5):
 PSYoungGen      total 3072K, used 224K [0x00000000d5580000, 0x00000000d5a00000, 0x0000000100000000)
  eden space 2560K, 0% used [0x00000000d5580000,0x00000000d5580000,0x00000000d5800000)
  from space 512K, 43% used [0x00000000d5980000,0x00000000d59b8000,0x00000000d5a00000)
  to   space 512K, 0% used [0x00000000d5900000,0x00000000d5900000,0x00000000d5980000)
 ParOldGen       total 1298944K, used 1298795K [0x0000000080000000, 0x00000000cf480000, 0x00000000d5580000)
  object space 1298944K, 99% used [0x0000000080000000,0x00000000cf45ac18,0x00000000cf480000)
 Metaspace       used 85533K, committed 87360K, reserved 1179648K
  class space    used 8537K, committed 9344K, reserved 1048576K
}
Event: 2671.638 GC heap before
{Heap before GC invocations=4124 (full 5):
 PSYoungGen      total 3072K, used 2784K [0x00000000d5580000, 0x00000000d5a00000, 0x0000000100000000)
  eden space 2560K, 100% used [0x00000000d5580000,0x00000000d5800000,0x00000000d5800000)
  from space 512K, 43% used [0x00000000d5980000,0x00000000d59b8000,0x00000000d5a00000)
  to   space 512K, 0% used [0x00000000d5900000,0x00000000d5900000,0x00000000d5980000)
 ParOldGen       total 1298944K, used 1298795K [0x0000000080000000, 0x00000000cf480000, 0x00000000d5580000)
  object space 1298944K, 99% used [0x0000000080000000,0x00000000cf45ac18,0x00000000cf480000)
 Metaspace       used 85536K, committed 87360K, reserved 1179648K
  class space    used 8537K, committed 9344K, reserved 1048576K
}
Event: 2671.642 GC heap after
{Heap after GC invocations=4124 (full 5):
 PSYoungGen      total 3584K, used 486K [0x00000000d5580000, 0x00000000d5e80000, 0x0000000100000000)
  eden space 3072K, 0% used [0x00000000d5580000,0x00000000d5580000,0x00000000d5880000)
  from space 512K, 95% used [0x00000000d5900000,0x00000000d5979bf0,0x00000000d5980000)
  to   space 3072K, 0% used [0x00000000d5b80000,0x00000000d5b80000,0x00000000d5e80000)
 ParOldGen       total 1300992K, used 1300559K [0x0000000080000000, 0x00000000cf680000, 0x00000000d5580000)
  object space 1300992K, 99% used [0x0000000080000000,0x00000000cf613f58,0x00000000cf680000)
 Metaspace       used 85536K, committed 87360K, reserved 1179648K
  class space    used 8537K, committed 9344K, reserved 1048576K
}
Event: 2671.648 GC heap before
{Heap before GC invocations=4125 (full 5):
 PSYoungGen      total 3584K, used 3558K [0x00000000d5580000, 0x00000000d5e80000, 0x0000000100000000)
  eden space 3072K, 100% used [0x00000000d5580000,0x00000000d5880000,0x00000000d5880000)
  from space 512K, 95% used [0x00000000d5900000,0x00000000d5979bf0,0x00000000d5980000)
  to   space 3072K, 0% used [0x00000000d5b80000,0x00000000d5b80000,0x00000000d5e80000)
 ParOldGen       total 1300992K, used 1300559K [0x0000000080000000, 0x00000000cf680000, 0x00000000d5580000)
  object space 1300992K, 99% used [0x0000000080000000,0x00000000cf613f58,0x00000000cf680000)
 Metaspace       used 85536K, committed 87360K, reserved 1179648K
  class space    used 8537K, committed 9344K, reserved 1048576K
}
Event: 2671.651 GC heap after
{Heap after GC invocations=4125 (full 5):
 PSYoungGen      total 6656K, used 2016K [0x00000000d5580000, 0x00000000d5e80000, 0x0000000100000000)
  eden space 3584K, 0% used [0x00000000d5580000,0x00000000d5580000,0x00000000d5900000)
  from space 3072K, 65% used [0x00000000d5b80000,0x00000000d5d78000,0x00000000d5e80000)
  to   space 2560K, 0% used [0x00000000d5900000,0x00000000d5900000,0x00000000d5b80000)
 ParOldGen       total 1301504K, used 1300998K [0x0000000080000000, 0x00000000cf700000, 0x00000000d5580000)
  object space 1301504K, 99% used [0x0000000080000000,0x00000000cf681b48,0x00000000cf700000)
 Metaspace       used 85536K, committed 87360K, reserved 1179648K
  class space    used 8537K, committed 9344K, reserved 1048576K
}
Event: 2671.659 GC heap before
{Heap before GC invocations=4126 (full 5):
 PSYoungGen      total 6656K, used 5600K [0x00000000d5580000, 0x00000000d5e80000, 0x0000000100000000)
  eden space 3584K, 100% used [0x00000000d5580000,0x00000000d5900000,0x00000000d5900000)
  from space 3072K, 65% used [0x00000000d5b80000,0x00000000d5d78000,0x00000000d5e80000)
  to   space 2560K, 0% used [0x00000000d5900000,0x00000000d5900000,0x00000000d5b80000)
 ParOldGen       total 1301504K, used 1300998K [0x0000000080000000, 0x00000000cf700000, 0x00000000d5580000)
  object space 1301504K, 99% used [0x0000000080000000,0x00000000cf681b48,0x00000000cf700000)
 Metaspace       used 85537K, committed 87360K, reserved 1179648K
  class space    used 8537K, committed 9344K, reserved 1048576K
}
Event: 2671.662 GC heap after
{Heap after GC invocations=4126 (full 5):
 PSYoungGen      total 6144K, used 1184K [0x00000000d5580000, 0x00000000d5d00000, 0x0000000100000000)
  eden space 3584K, 0% used [0x00000000d5580000,0x00000000d5580000,0x00000000d5900000)
  from space 2560K, 46% used [0x00000000d5900000,0x00000000d5a28000,0x00000000d5b80000)
  to   space 1536K, 0% used [0x00000000d5b80000,0x00000000d5b80000,0x00000000d5d00000)
 ParOldGen       total 1303040K, used 1302980K [0x0000000080000000, 0x00000000cf880000, 0x00000000d5580000)
  object space 1303040K, 99% used [0x0000000080000000,0x00000000cf871138,0x00000000cf880000)
 Metaspace       used 85537K, committed 87360K, reserved 1179648K
  class space    used 8537K, committed 9344K, reserved 1048576K
}
Event: 2671.862 GC heap before
{Heap before GC invocations=4127 (full 5):
 PSYoungGen      total 6144K, used 4768K [0x00000000d5580000, 0x00000000d5d00000, 0x0000000100000000)
  eden space 3584K, 100% used [0x00000000d5580000,0x00000000d5900000,0x00000000d5900000)
  from space 2560K, 46% used [0x00000000d5900000,0x00000000d5a28000,0x00000000d5b80000)
  to   space 1536K, 0% used [0x00000000d5b80000,0x00000000d5b80000,0x00000000d5d00000)
 ParOldGen       total 1303040K, used 1302980K [0x0000000080000000, 0x00000000cf880000, 0x00000000d5580000)
  object space 1303040K, 99% used [0x0000000080000000,0x00000000cf871138,0x00000000cf880000)
 Metaspace       used 85537K, committed 87360K, reserved 1179648K
  class space    used 8537K, committed 9344K, reserved 1048576K
}
Event: 2671.867 GC heap after
{Heap after GC invocations=4127 (full 5):
 PSYoungGen      total 5632K, used 624K [0x00000000d5580000, 0x00000000d5c80000, 0x0000000100000000)
  eden space 4608K, 0% used [0x00000000d5580000,0x00000000d5580000,0x00000000d5a00000)
  from space 1024K, 60% used [0x00000000d5b80000,0x00000000d5c1c010,0x00000000d5c80000)
  to   space 1024K, 0% used [0x00000000d5a80000,0x00000000d5a80000,0x00000000d5b80000)
 ParOldGen       total 1303552K, used 1303444K [0x0000000080000000, 0x00000000cf900000, 0x00000000d5580000)
  object space 1303552K, 99% used [0x0000000080000000,0x00000000cf8e5348,0x00000000cf900000)
 Metaspace       used 85537K, committed 87360K, reserved 1179648K
  class space    used 8537K, committed 9344K, reserved 1048576K
}
Event: 2672.092 GC heap before
{Heap before GC invocations=4128 (full 5):
 PSYoungGen      total 5632K, used 5232K [0x00000000d5580000, 0x00000000d5c80000, 0x0000000100000000)
  eden space 4608K, 100% used [0x00000000d5580000,0x00000000d5a00000,0x00000000d5a00000)
  from space 1024K, 60% used [0x00000000d5b80000,0x00000000d5c1c010,0x00000000d5c80000)
  to   space 1024K, 0% used [0x00000000d5a80000,0x00000000d5a80000,0x00000000d5b80000)
 ParOldGen       total 1303552K, used 1303444K [0x0000000080000000, 0x00000000cf900000, 0x00000000d5580000)
  object space 1303552K, 99% used [0x0000000080000000,0x00000000cf8e5348,0x00000000cf900000)
 Metaspace       used 85537K, committed 87360K, reserved 1179648K
  class space    used 8537K, committed 9344K, reserved 1048576K
}
Event: 2672.094 GC heap after
{Heap after GC invocations=4128 (full 5):
 PSYoungGen      total 5632K, used 928K [0x00000000d5580000, 0x00000000d5c00000, 0x0000000100000000)
  eden space 4608K, 0% used [0x00000000d5580000,0x00000000d5580000,0x00000000d5a00000)
  from space 1024K, 90% used [0x00000000d5a80000,0x00000000d5b68000,0x00000000d5b80000)
  to   space 512K, 0% used [0x00000000d5b80000,0x00000000d5b80000,0x00000000d5c00000)
 ParOldGen       total 1303552K, used 1303452K [0x0000000080000000, 0x00000000cf900000, 0x00000000d5580000)
  object space 1303552K, 99% used [0x0000000080000000,0x00000000cf8e7348,0x00000000cf900000)
 Metaspace       used 85537K, committed 87360K, reserved 1179648K
  class space    used 8537K, committed 9344K, reserved 1048576K
}
Event: 2672.302 GC heap before
{Heap before GC invocations=4129 (full 5):
 PSYoungGen      total 5632K, used 5536K [0x00000000d5580000, 0x00000000d5c00000, 0x0000000100000000)
  eden space 4608K, 100% used [0x00000000d5580000,0x00000000d5a00000,0x00000000d5a00000)
  from space 1024K, 90% used [0x00000000d5a80000,0x00000000d5b68000,0x00000000d5b80000)
  to   space 512K, 0% used [0x00000000d5b80000,0x00000000d5b80000,0x00000000d5c00000)
 ParOldGen       total 1303552K, used 1303452K [0x0000000080000000, 0x00000000cf900000, 0x00000000d5580000)
  object space 1303552K, 99% used [0x0000000080000000,0x00000000cf8e7348,0x00000000cf900000)
 Metaspace       used 85537K, committed 87360K, reserved 1179648K
  class space    used 8537K, committed 9344K, reserved 1048576K
}
Event: 2672.305 GC heap after
{Heap after GC invocations=4129 (full 5):
 PSYoungGen      total 5120K, used 448K [0x00000000d5580000, 0x00000000d5c00000, 0x0000000100000000)
  eden space 4608K, 0% used [0x00000000d5580000,0x00000000d5580000,0x00000000d5a00000)
  from space 512K, 87% used [0x00000000d5b80000,0x00000000d5bf0000,0x00000000d5c00000)
  to   space 1024K, 0% used [0x00000000d5a00000,0x00000000d5a00000,0x00000000d5b00000)
 ParOldGen       total 1304576K, used 1304333K [0x0000000080000000, 0x00000000cfa00000, 0x00000000d5580000)
  object space 1304576K, 99% used [0x0000000080000000,0x00000000cf9c3428,0x00000000cfa00000)
 Metaspace       used 85537K, committed 87360K, reserved 1179648K
  class space    used 8537K, committed 9344K, reserved 1048576K
}
Event: 2672.469 GC heap before
{Heap before GC invocations=4130 (full 5):
 PSYoungGen      total 5120K, used 5055K [0x00000000d5580000, 0x00000000d5c00000, 0x0000000100000000)
  eden space 4608K, 99% used [0x00000000d5580000,0x00000000d59fffe0,0x00000000d5a00000)
  from space 512K, 87% used [0x00000000d5b80000,0x00000000d5bf0000,0x00000000d5c00000)
  to   space 1024K, 0% used [0x00000000d5a00000,0x00000000d5a00000,0x00000000d5b00000)
 ParOldGen       total 1304576K, used 1304333K [0x0000000080000000, 0x00000000cfa00000, 0x00000000d5580000)
  object space 1304576K, 99% used [0x0000000080000000,0x00000000cf9c3428,0x00000000cfa00000)
 Metaspace       used 85545K, committed 87360K, reserved 1179648K
  class space    used 8537K, committed 9344K, reserved 1048576K
}
Event: 2672.474 GC heap after
{Heap after GC invocations=4130 (full 5):
 PSYoungGen      total 5632K, used 512K [0x00000000d5580000, 0x00000000d5c00000, 0x0000000100000000)
  eden space 4608K, 0% used [0x00000000d5580000,0x00000000d5580000,0x00000000d5a00000)
  from space 1024K, 50% used [0x00000000d5a00000,0x00000000d5a80000,0x00000000d5b00000)
  to   space 1024K, 0% used [0x00000000d5b00000,0x00000000d5b00000,0x00000000d5c00000)
 ParOldGen       total 1304576K, used 1304357K [0x0000000080000000, 0x00000000cfa00000, 0x00000000d5580000)
  object space 1304576K, 99% used [0x0000000080000000,0x00000000cf9c9590,0x00000000cfa00000)
 Metaspace       used 85545K, committed 87360K, reserved 1179648K
  class space    used 8537K, committed 9344K, reserved 1048576K
}

Dll operation events (12 events):
Event: 0.218 Loaded shared library c:\Users\Alunos\.vscode\extensions\redhat.java-1.54.0-win32-x64\jre\21.0.10-win32-x86_64\bin\java.dll
Event: 0.434 Loaded shared library c:\Users\Alunos\.vscode\extensions\redhat.java-1.54.0-win32-x64\jre\21.0.10-win32-x86_64\bin\zip.dll
Event: 0.463 Loaded shared library C:\Users\Alunos\.vscode\extensions\redhat.java-1.54.0-win32-x64\jre\21.0.10-win32-x86_64\bin\instrument.dll
Event: 0.468 Loaded shared library C:\Users\Alunos\.vscode\extensions\redhat.java-1.54.0-win32-x64\jre\21.0.10-win32-x86_64\bin\net.dll
Event: 0.470 Loaded shared library C:\Users\Alunos\.vscode\extensions\redhat.java-1.54.0-win32-x64\jre\21.0.10-win32-x86_64\bin\nio.dll
Event: 0.473 Loaded shared library C:\Users\Alunos\.vscode\extensions\redhat.java-1.54.0-win32-x64\jre\21.0.10-win32-x86_64\bin\zip.dll
Event: 0.489 Loaded shared library C:\Users\Alunos\.vscode\extensions\redhat.java-1.54.0-win32-x64\jre\21.0.10-win32-x86_64\bin\jimage.dll
Event: 0.592 Loaded shared library c:\Users\Alunos\.vscode\extensions\redhat.java-1.54.0-win32-x64\jre\21.0.10-win32-x86_64\bin\verify.dll
Event: 2.237 Loaded shared library C:\Users\Alunos\AppData\Roaming\Code\User\globalStorage\redhat.java\1.54.0\config_win\org.eclipse.equinox.launcher\org.eclipse.equinox.launcher.win32.win32.x86_64_1.3.0.v20260203-2149\eclipse_11919.dll
Event: 12.791 Loaded shared library C:\Users\Alunos\AppData\Local\Temp\jna-1964229896\jna10542788704780008890.dll
Event: 16.426 Loaded shared library C:\Users\Alunos\.vscode\extensions\redhat.java-1.54.0-win32-x64\jre\21.0.10-win32-x86_64\bin\sunmscapi.dll
Event: 17.418 Loaded shared library C:\Users\Alunos\.vscode\extensions\redhat.java-1.54.0-win32-x64\jre\21.0.10-win32-x86_64\bin\extnet.dll

Deoptimization events (20 events):
Event: 2635.305 Thread 0x00000252f3839f70 DEOPT PACKING pc=0x00000252dee49ed4 sp=0x00000063a6dfe150
Event: 2635.305 Thread 0x00000252f3839f70 DEOPT UNPACKING pc=0x00000252dcf63aa2 sp=0x00000063a6dfe0d8 mode 2
Event: 2635.306 Thread 0x00000252f3839f70 Uncommon trap: trap_request=0xffffff45 fr.pc=0x00000252dea63cb4 relative=0x00000000000038d4
Event: 2635.306 Thread 0x00000252f3839f70 Uncommon trap: reason=unstable_if action=reinterpret pc=0x00000252dea63cb4 method=org.eclipse.jdt.internal.compiler.SourceElementNotifier.notifySourceElementRequestor(Lorg/eclipse/jdt/internal/compiler/ast/AbstractMethodDeclaration;Lorg/eclipse/jdt/intern
Event: 2635.306 Thread 0x00000252f3839f70 DEOPT PACKING pc=0x00000252dea63cb4 sp=0x00000063a6dfdfe0
Event: 2635.306 Thread 0x00000252f3839f70 DEOPT UNPACKING pc=0x00000252dcf63aa2 sp=0x00000063a6dfdfc8 mode 2
Event: 2635.306 Thread 0x00000252f3839f70 Uncommon trap: trap_request=0xffffffd6 fr.pc=0x00000252def30f24 relative=0x00000000000072c4
Event: 2635.306 Thread 0x00000252f3839f70 Uncommon trap: reason=array_check action=maybe_recompile pc=0x00000252def30f24 method=org.eclipse.jdt.internal.core.util.ClassFileReader.<init>([BI)V @ 1177 c2
Event: 2635.306 Thread 0x00000252f3839f70 DEOPT PACKING pc=0x00000252def30f24 sp=0x00000063a6dfe530
Event: 2635.306 Thread 0x00000252f3839f70 DEOPT UNPACKING pc=0x00000252dcf63aa2 sp=0x00000063a6dfe568 mode 2
Event: 2635.315 Thread 0x00000252f3839f70 Uncommon trap: trap_request=0xffffffd6 fr.pc=0x00000252def30f24 relative=0x00000000000072c4
Event: 2635.315 Thread 0x00000252f3839f70 Uncommon trap: reason=array_check action=maybe_recompile pc=0x00000252def30f24 method=org.eclipse.jdt.internal.core.util.ClassFileReader.<init>([BI)V @ 1177 c2
Event: 2635.315 Thread 0x00000252f3839f70 DEOPT PACKING pc=0x00000252def30f24 sp=0x00000063a6dfe530
Event: 2635.315 Thread 0x00000252f3839f70 DEOPT UNPACKING pc=0x00000252dcf63aa2 sp=0x00000063a6dfe568 mode 2
Event: 2637.657 Thread 0x00000252f383d3f0 DEOPT PACKING pc=0x00000252d68508f9 sp=0x00000063a52fe3a0
Event: 2637.657 Thread 0x00000252f383d3f0 DEOPT UNPACKING pc=0x00000252dcf64242 sp=0x00000063a52fdab8 mode 0
Event: 2670.736 Thread 0x00000252f0b55270 Uncommon trap: trap_request=0xffffff3d fr.pc=0x00000252def92330 relative=0x00000000000008b0
Event: 2670.736 Thread 0x00000252f0b55270 Uncommon trap: reason=unstable_fused_if action=reinterpret pc=0x00000252def92330 method=org.eclipse.jdt.internal.codeassist.complete.CompletionParser.consumeToken(Lorg/eclipse/jdt/internal/compiler/parser/TerminalToken;)V @ 4208 c2
Event: 2670.736 Thread 0x00000252f0b55270 DEOPT PACKING pc=0x00000252def92330 sp=0x00000063a7efe870
Event: 2670.736 Thread 0x00000252f0b55270 DEOPT UNPACKING pc=0x00000252dcf63aa2 sp=0x00000063a7efe800 mode 2

Classes loaded (20 events):
Event: 172.819 Loading class sun/net/www/protocol/http/HttpURLConnection$10
Event: 172.819 Loading class sun/net/www/protocol/http/HttpURLConnection$10 done
Event: 223.047 Loading class jdk/internal/icu/text/NormalizerBase$NFCModeImpl
Event: 223.048 Loading class jdk/internal/icu/text/NormalizerBase$NFCModeImpl done
Event: 223.048 Loading class jdk/internal/icu/impl/Norm2AllModes$NFCSingleton
Event: 223.048 Loading class jdk/internal/icu/impl/Norm2AllModes$NFCSingleton done
Event: 223.049 Loading class java/nio/StringCharBuffer
Event: 223.049 Loading class java/nio/StringCharBuffer done
Event: 347.610 Loading class java/util/regex/Pattern$Behind
Event: 347.610 Loading class java/util/regex/Pattern$Behind done
Event: 347.610 Loading class java/util/regex/Pattern$Neg
Event: 347.610 Loading class java/util/regex/Pattern$Neg done
Event: 2090.486 Loading class java/nio/file/Files$2
Event: 2090.486 Loading class java/nio/file/Files$2 done
Event: 2102.013 Loading class java/util/Collections$EmptyListIterator
Event: 2102.014 Loading class java/util/Collections$EmptyListIterator done
Event: 2282.934 Loading class java/util/concurrent/ConcurrentHashMap$TreeNode
Event: 2282.935 Loading class java/util/concurrent/ConcurrentHashMap$TreeNode done
Event: 2282.935 Loading class java/util/concurrent/ConcurrentHashMap$TreeBin
Event: 2282.935 Loading class java/util/concurrent/ConcurrentHashMap$TreeBin done

Classes unloaded (7 events):
Event: 13.719 Thread 0x00000252e97bedc0 Unloading class 0x00000252811a4800 'java/lang/invoke/LambdaForm$MH+0x00000252811a4800'
Event: 13.719 Thread 0x00000252e97bedc0 Unloading class 0x00000252811a4400 'java/lang/invoke/LambdaForm$MH+0x00000252811a4400'
Event: 13.719 Thread 0x00000252e97bedc0 Unloading class 0x00000252811a4000 'java/lang/invoke/LambdaForm$MH+0x00000252811a4000'
Event: 13.719 Thread 0x00000252e97bedc0 Unloading class 0x00000252811a3c00 'java/lang/invoke/LambdaForm$MH+0x00000252811a3c00'
Event: 13.719 Thread 0x00000252e97bedc0 Unloading class 0x00000252811a3800 'java/lang/invoke/LambdaForm$BMH+0x00000252811a3800'
Event: 13.719 Thread 0x00000252e97bedc0 Unloading class 0x00000252811a3400 'java/lang/invoke/LambdaForm$DMH+0x00000252811a3400'
Event: 13.719 Thread 0x00000252e97bedc0 Unloading class 0x00000252811a2000 'java/lang/invoke/LambdaForm$DMH+0x00000252811a2000'

Classes redefined (0 events):
No events

Internal exceptions (20 events):
Event: 2437.382 Thread 0x00000252f383d3f0 Exception <a 'sun/nio/fs/WindowsException'{0x00000000d55c96f0}> (0x00000000d55c96f0) 
thrown [s\src\hotspot\share\prims\jni.cpp, line 520]
Event: 2437.382 Thread 0x00000252f383d3f0 Exception <a 'sun/nio/fs/WindowsException'{0x00000000d55c9d20}> (0x00000000d55c9d20) 
thrown [s\src\hotspot\share\prims\jni.cpp, line 520]
Event: 2443.586 Thread 0x00000252f383a600 Implicit null exception at 0x00000252ddcb1983 to 0x00000252ddcb1d10
Event: 2450.052 Thread 0x00000252f383da80 Exception <a 'sun/nio/fs/WindowsException'{0x00000000d59ae558}> (0x00000000d59ae558) 
thrown [s\src\hotspot\share\prims\jni.cpp, line 520]
Event: 2450.052 Thread 0x00000252f383da80 Exception <a 'sun/nio/fs/WindowsException'{0x00000000d59aeb88}> (0x00000000d59aeb88) 
thrown [s\src\hotspot\share\prims\jni.cpp, line 520]
Event: 2455.871 Thread 0x00000252f383da80 Exception <a 'sun/nio/fs/WindowsException'{0x00000000d59346b0}> (0x00000000d59346b0) 
thrown [s\src\hotspot\share\prims\jni.cpp, line 520]
Event: 2455.871 Thread 0x00000252f383da80 Exception <a 'sun/nio/fs/WindowsException'{0x00000000d5934ce0}> (0x00000000d5934ce0) 
thrown [s\src\hotspot\share\prims\jni.cpp, line 520]
Event: 2456.143 Thread 0x00000252f383da80 Exception <a 'sun/nio/fs/WindowsException'{0x00000000d5608580}> (0x00000000d5608580) 
thrown [s\src\hotspot\share\prims\jni.cpp, line 520]
Event: 2456.143 Thread 0x00000252f383da80 Exception <a 'sun/nio/fs/WindowsException'{0x00000000d5608bb0}> (0x00000000d5608bb0) 
thrown [s\src\hotspot\share\prims\jni.cpp, line 520]
Event: 2465.922 Thread 0x00000252f0b55270 Exception <a 'java/lang/ArrayIndexOutOfBoundsException'{0x00000000d591f5b8}: Index -1 out of bounds for length 30> (0x00000000d591f5b8) 
thrown [s\src\hotspot\share\interpreter\interpreterRuntime.cpp, line 439]
Event: 2478.772 Thread 0x00000252f0b55270 Exception <a 'java/lang/ArrayIndexOutOfBoundsException'{0x00000000d56c3a58}: Index -1 out of bounds for length 30> (0x00000000d56c3a58) 
thrown [s\src\hotspot\share\interpreter\interpreterRuntime.cpp, line 439]
Event: 2490.532 Thread 0x00000252f383a600 Exception <a 'java/lang/ArrayIndexOutOfBoundsException'{0x00000000d58c4118}> (0x00000000d58c4118) 
thrown [s\src\hotspot\share\runtime\sharedRuntime.cpp, line 625]
Event: 2491.054 Thread 0x00000252f383d3f0 Exception <a 'java/lang/ArrayIndexOutOfBoundsException'{0x00000000d5836be8}> (0x00000000d5836be8) 
thrown [s\src\hotspot\share\runtime\sharedRuntime.cpp, line 625]
Event: 2491.483 Thread 0x00000252f383a600 Exception <a 'java/lang/ArrayIndexOutOfBoundsException'{0x00000000d564df10}> (0x00000000d564df10) 
thrown [s\src\hotspot\share\runtime\sharedRuntime.cpp, line 625]
Event: 2491.986 Thread 0x00000252f383da80 Exception <a 'java/lang/ArrayIndexOutOfBoundsException'{0x00000000d5609458}> (0x00000000d5609458) 
thrown [s\src\hotspot\share\runtime\sharedRuntime.cpp, line 625]
Event: 2492.739 Thread 0x00000252f383d3f0 Exception <a 'java/lang/ArrayIndexOutOfBoundsException'{0x00000000d560e868}> (0x00000000d560e868) 
thrown [s\src\hotspot\share\runtime\sharedRuntime.cpp, line 625]
Event: 2493.213 Thread 0x00000252f383d3f0 Exception <a 'java/lang/ArrayIndexOutOfBoundsException'{0x00000000d56a4350}> (0x00000000d56a4350) 
thrown [s\src\hotspot\share\runtime\sharedRuntime.cpp, line 625]
Event: 2493.547 Thread 0x00000252f383d3f0 Exception <a 'java/lang/ArrayIndexOutOfBoundsException'{0x00000000d56222f0}> (0x00000000d56222f0) 
thrown [s\src\hotspot\share\runtime\sharedRuntime.cpp, line 625]
Event: 2532.062 Thread 0x00000252f383da80 Exception <a 'sun/nio/fs/WindowsException'{0x00000000d55cef60}> (0x00000000d55cef60) 
thrown [s\src\hotspot\share\prims\jni.cpp, line 520]
Event: 2532.062 Thread 0x00000252f383da80 Exception <a 'sun/nio/fs/WindowsException'{0x00000000d55cf590}> (0x00000000d55cf590) 
thrown [s\src\hotspot\share\prims\jni.cpp, line 520]

ZGC Phase Switch (0 events):
No events

VM Operations (20 events):
Event: 2671.092 Executing safepoint VM operation: ParallelGCFailedAllocation (Allocation Failure)
Event: 2671.095 Executing safepoint VM operation: ParallelGCFailedAllocation (Allocation Failure) done
Event: 2671.228 Executing safepoint VM operation: ParallelGCFailedAllocation (Allocation Failure)
Event: 2671.231 Executing safepoint VM operation: ParallelGCFailedAllocation (Allocation Failure) done
Event: 2671.632 Executing safepoint VM operation: ParallelGCFailedAllocation (Allocation Failure)
Event: 2671.634 Executing safepoint VM operation: ParallelGCFailedAllocation (Allocation Failure) done
Event: 2671.638 Executing safepoint VM operation: ParallelGCFailedAllocation (Allocation Failure)
Event: 2671.642 Executing safepoint VM operation: ParallelGCFailedAllocation (Allocation Failure) done
Event: 2671.648 Executing safepoint VM operation: ParallelGCFailedAllocation (Allocation Failure)
Event: 2671.651 Executing safepoint VM operation: ParallelGCFailedAllocation (Allocation Failure) done
Event: 2671.659 Executing safepoint VM operation: ParallelGCFailedAllocation (Allocation Failure)
Event: 2671.662 Executing safepoint VM operation: ParallelGCFailedAllocation (Allocation Failure) done
Event: 2671.862 Executing safepoint VM operation: ParallelGCFailedAllocation (Allocation Failure)
Event: 2671.867 Executing safepoint VM operation: ParallelGCFailedAllocation (Allocation Failure) done
Event: 2672.092 Executing safepoint VM operation: ParallelGCFailedAllocation (Allocation Failure)
Event: 2672.094 Executing safepoint VM operation: ParallelGCFailedAllocation (Allocation Failure) done
Event: 2672.302 Executing safepoint VM operation: ParallelGCFailedAllocation (Allocation Failure)
Event: 2672.305 Executing safepoint VM operation: ParallelGCFailedAllocation (Allocation Failure) done
Event: 2672.469 Executing safepoint VM operation: ParallelGCFailedAllocation (Allocation Failure)
Event: 2672.474 Executing safepoint VM operation: ParallelGCFailedAllocation (Allocation Failure) done

Memory protections (0 events):
No events

Nmethod flushes (20 events):
Event: 462.704 Thread 0x00000252e97bedc0 flushing  nmethod 0x00000252d770bc10
Event: 462.704 Thread 0x00000252e97bedc0 flushing  nmethod 0x00000252d7800d10
Event: 462.704 Thread 0x00000252e97bedc0 flushing  nmethod 0x00000252d780be10
Event: 462.704 Thread 0x00000252e97bedc0 flushing  nmethod 0x00000252d7815b10
Event: 462.704 Thread 0x00000252e97bedc0 flushing  nmethod 0x00000252d7821410
Event: 462.704 Thread 0x00000252e97bedc0 flushing  nmethod 0x00000252d782f410
Event: 462.704 Thread 0x00000252e97bedc0 flushing  nmethod 0x00000252d7831010
Event: 462.704 Thread 0x00000252e97bedc0 flushing  nmethod 0x00000252d7846390
Event: 462.704 Thread 0x00000252e97bedc0 flushing  nmethod 0x00000252d78ddb10
Event: 462.704 Thread 0x00000252e97bedc0 flushing  nmethod 0x00000252d78de490
Event: 462.704 Thread 0x00000252e97bedc0 flushing  nmethod 0x00000252d78ec510
Event: 462.704 Thread 0x00000252e97bedc0 flushing  nmethod 0x00000252d7952d10
Event: 462.704 Thread 0x00000252e97bedc0 flushing osr nmethod 0x00000252d796f290
Event: 462.704 Thread 0x00000252e97bedc0 flushing  nmethod 0x00000252d797df90
Event: 462.704 Thread 0x00000252e97bedc0 flushing  nmethod 0x00000252d79ee090
Event: 462.704 Thread 0x00000252e97bedc0 flushing osr nmethod 0x00000252d7a0c290
Event: 462.704 Thread 0x00000252e97bedc0 flushing  nmethod 0x00000252d7a42290
Event: 462.704 Thread 0x00000252e97bedc0 flushing  nmethod 0x00000252d7a52290
Event: 462.704 Thread 0x00000252e97bedc0 flushing  nmethod 0x00000252d7a61810
Event: 462.704 Thread 0x00000252e97bedc0 flushing  nmethod 0x00000252d7a7fc10

Events (20 events):
Event: 2046.656 Thread 0x00000252efcaa420 Thread added: 0x00000252f3840870
Event: 2090.488 Thread 0x00000252e9802c20 Thread added: 0x00000252f13ed600
Event: 2091.421 Thread 0x00000252f13ed600 Thread exited: 0x00000252f13ed600
Event: 2102.138 Thread 0x00000252e9802c20 Thread added: 0x00000252f13ebac0
Event: 2102.568 Thread 0x00000252f13ebac0 Thread exited: 0x00000252f13ebac0
Event: 2106.170 Thread 0x00000252e9802c20 Thread added: 0x00000252f13ebac0
Event: 2106.734 Thread 0x00000252f0b55270 Thread added: 0x00000252f383e7a0
Event: 2107.071 Thread 0x00000252f13ebac0 Thread exited: 0x00000252f13ebac0
Event: 2118.842 Thread 0x00000252e9802c20 Thread added: 0x00000252f13ebac0
Event: 2119.025 Thread 0x00000252f13ebac0 Thread exited: 0x00000252f13ebac0
Event: 2166.774 Thread 0x00000252f383e7a0 Thread exited: 0x00000252f383e7a0
Event: 2180.389 Thread 0x00000252f3839f70 Thread exited: 0x00000252f3839f70
Event: 2196.310 Thread 0x00000252f0b55270 Thread added: 0x00000252f3839f70
Event: 2196.388 Thread 0x00000252e9802c20 Thread added: 0x00000252f13ebac0
Event: 2196.788 Thread 0x00000252f13ebac0 Thread exited: 0x00000252f13ebac0
Event: 2383.972 Thread 0x00000252efcaa420 Thread added: 0x00000252f383e7a0
Event: 2468.006 Thread 0x00000252f3839f70 Thread exited: 0x00000252f3839f70
Event: 2517.336 Thread 0x00000252f0b55270 Thread added: 0x00000252f3839f70
Event: 2635.513 Thread 0x00000252e97cc520 Thread added: 0x00000252f074b320
Event: 2635.796 Thread 0x00000252f074b320 Thread exited: 0x00000252f074b320


Dynamic libraries:
0x00007ff682860000 - 0x00007ff68286e000 	c:\Users\Alunos\.vscode\extensions\redhat.java-1.54.0-win32-x64\jre\21.0.10-win32-x86_64\bin\java.exe
0x00007ffd88d00000 - 0x00007ffd88f67000 	C:\WINDOWS\SYSTEM32\ntdll.dll
0x00007ffd87e90000 - 0x00007ffd87f59000 	C:\WINDOWS\System32\KERNEL32.DLL
0x00007ffd859c0000 - 0x00007ffd85db7000 	C:\WINDOWS\System32\KERNELBASE.dll
0x00007ffd86930000 - 0x00007ffd86a7b000 	C:\WINDOWS\System32\ucrtbase.dll
0x00007ffd2e2b0000 - 0x00007ffd2e2c8000 	c:\Users\Alunos\.vscode\extensions\redhat.java-1.54.0-win32-x64\jre\21.0.10-win32-x86_64\bin\jli.dll
0x00007ffd879a0000 - 0x00007ffd87b66000 	C:\WINDOWS\System32\USER32.dll
0x00007ffd867b0000 - 0x00007ffd867d7000 	C:\WINDOWS\System32\win32u.dll
0x00007ffd877a0000 - 0x00007ffd877cb000 	C:\WINDOWS\System32\GDI32.dll
0x00007ffd857e0000 - 0x00007ffd8590c000 	C:\WINDOWS\System32\gdi32full.dll
0x00007ffd85730000 - 0x00007ffd857d3000 	C:\WINDOWS\System32\msvcp_win.dll
0x00007ffd2fe90000 - 0x00007ffd2feae000 	c:\Users\Alunos\.vscode\extensions\redhat.java-1.54.0-win32-x64\jre\21.0.10-win32-x86_64\bin\VCRUNTIME140.dll
0x00007ffd79af0000 - 0x00007ffd79d82000 	C:\WINDOWS\WinSxS\amd64_microsoft.windows.common-controls_6595b64144ccf1df_6.0.26100.8457_none_3e0b2faee331e92d\COMCTL32.dll
0x00007ffd86f00000 - 0x00007ffd86fa9000 	C:\WINDOWS\System32\msvcrt.dll
0x00007ffd87b80000 - 0x00007ffd87bb2000 	C:\WINDOWS\System32\IMM32.DLL
0x00007ffd67f90000 - 0x00007ffd67f9c000 	c:\Users\Alunos\.vscode\extensions\redhat.java-1.54.0-win32-x64\jre\21.0.10-win32-x86_64\bin\vcruntime140_1.dll
0x00007ffd14550000 - 0x00007ffd145dd000 	c:\Users\Alunos\.vscode\extensions\redhat.java-1.54.0-win32-x64\jre\21.0.10-win32-x86_64\bin\msvcp140.dll
0x00007ffd015f0000 - 0x00007ffd02391000 	c:\Users\Alunos\.vscode\extensions\redhat.java-1.54.0-win32-x64\jre\21.0.10-win32-x86_64\bin\server\jvm.dll
0x00007ffd88c00000 - 0x00007ffd88cb6000 	C:\WINDOWS\System32\ADVAPI32.dll
0x00007ffd88640000 - 0x00007ffd886e7000 	C:\WINDOWS\System32\sechost.dll
0x00007ffd87bc0000 - 0x00007ffd87cd8000 	C:\WINDOWS\System32\RPCRT4.dll
0x00007ffd87910000 - 0x00007ffd87990000 	C:\WINDOWS\System32\WS2_32.dll
0x00007ffd855b0000 - 0x00007ffd8560e000 	C:\WINDOWS\SYSTEM32\POWRPROF.dll
0x00007ffd7a640000 - 0x00007ffd7a676000 	C:\WINDOWS\SYSTEM32\WINMM.dll
0x00007ffd7f710000 - 0x00007ffd7f71b000 	C:\WINDOWS\SYSTEM32\VERSION.dll
0x00007ffd85590000 - 0x00007ffd855a4000 	C:\WINDOWS\SYSTEM32\UMPDC.dll
0x00007ffd84480000 - 0x00007ffd8449b000 	C:\WINDOWS\SYSTEM32\kernel.appcore.dll
0x00007ffd67370000 - 0x00007ffd6737a000 	c:\Users\Alunos\.vscode\extensions\redhat.java-1.54.0-win32-x64\jre\21.0.10-win32-x86_64\bin\jimage.dll
0x00007ffd3b720000 - 0x00007ffd3b962000 	C:\WINDOWS\SYSTEM32\DBGHELP.DLL
0x00007ffd86b70000 - 0x00007ffd86ef3000 	C:\WINDOWS\System32\combase.dll
0x00007ffd86a80000 - 0x00007ffd86b59000 	C:\WINDOWS\System32\OLEAUT32.dll
0x00007ffd659a0000 - 0x00007ffd659db000 	C:\WINDOWS\SYSTEM32\dbgcore.DLL
0x00007ffd85910000 - 0x00007ffd859b8000 	C:\WINDOWS\System32\bcryptPrimitives.dll
0x00007ffd647e0000 - 0x00007ffd647ef000 	c:\Users\Alunos\.vscode\extensions\redhat.java-1.54.0-win32-x64\jre\21.0.10-win32-x86_64\bin\instrument.dll
0x00007ffd292d0000 - 0x00007ffd292f0000 	c:\Users\Alunos\.vscode\extensions\redhat.java-1.54.0-win32-x64\jre\21.0.10-win32-x86_64\bin\java.dll
0x00007ffd86fb0000 - 0x00007ffd8771e000 	C:\WINDOWS\System32\SHELL32.dll
0x00007ffd85dc0000 - 0x00007ffd8662c000 	C:\WINDOWS\System32\windows.storage.dll
0x00007ffd88240000 - 0x00007ffd88336000 	C:\WINDOWS\System32\SHCORE.dll
0x00007ffd87730000 - 0x00007ffd87796000 	C:\WINDOWS\System32\shlwapi.dll
0x00007ffd85650000 - 0x00007ffd85679000 	C:\WINDOWS\SYSTEM32\profapi.dll
0x00007ffd29250000 - 0x00007ffd29268000 	c:\Users\Alunos\.vscode\extensions\redhat.java-1.54.0-win32-x64\jre\21.0.10-win32-x86_64\bin\zip.dll
0x00007ffd5fec0000 - 0x00007ffd5fed0000 	C:\Users\Alunos\.vscode\extensions\redhat.java-1.54.0-win32-x64\jre\21.0.10-win32-x86_64\bin\net.dll
0x00007ffd7fcc0000 - 0x00007ffd7fde9000 	C:\WINDOWS\SYSTEM32\WINHTTP.dll
0x00007ffd849d0000 - 0x00007ffd84a3c000 	C:\WINDOWS\system32\mswsock.dll
0x00007ffd26a70000 - 0x00007ffd26a86000 	C:\Users\Alunos\.vscode\extensions\redhat.java-1.54.0-win32-x64\jre\21.0.10-win32-x86_64\bin\nio.dll
0x00007ffd5fe60000 - 0x00007ffd5fe70000 	c:\Users\Alunos\.vscode\extensions\redhat.java-1.54.0-win32-x64\jre\21.0.10-win32-x86_64\bin\verify.dll
0x00007ffd18720000 - 0x00007ffd18765000 	C:\Users\Alunos\AppData\Roaming\Code\User\globalStorage\redhat.java\1.54.0\config_win\org.eclipse.equinox.launcher\org.eclipse.equinox.launcher.win32.win32.x86_64_1.3.0.v20260203-2149\eclipse_11919.dll
0x00007ffd87ce0000 - 0x00007ffd87e77000 	C:\WINDOWS\System32\ole32.dll
0x00007ffd84dd0000 - 0x00007ffd84deb000 	C:\WINDOWS\SYSTEM32\CRYPTSP.dll
0x00007ffd843e0000 - 0x00007ffd84419000 	C:\WINDOWS\system32\rsaenh.dll
0x00007ffd84a80000 - 0x00007ffd84ab3000 	C:\WINDOWS\SYSTEM32\USERENV.dll
0x00007ffd85620000 - 0x00007ffd8564a000 	C:\WINDOWS\SYSTEM32\bcrypt.dll
0x00007ffd84db0000 - 0x00007ffd84dbc000 	C:\WINDOWS\SYSTEM32\CRYPTBASE.dll
0x00007ffd83e70000 - 0x00007ffd83ea2000 	C:\WINDOWS\SYSTEM32\IPHLPAPI.DLL
0x00007ffd87b70000 - 0x00007ffd87b7a000 	C:\WINDOWS\System32\NSI.dll
0x00007ffd5fd60000 - 0x00007ffd5fda9000 	C:\Users\Alunos\AppData\Local\Temp\jna-1964229896\jna10542788704780008890.dll
0x00007ffd86b60000 - 0x00007ffd86b68000 	C:\WINDOWS\System32\PSAPI.DLL
0x00007ffd7f9b0000 - 0x00007ffd7f9cd000 	C:\WINDOWS\SYSTEM32\dhcpcsvc6.DLL
0x00007ffd7f980000 - 0x00007ffd7f9a5000 	C:\WINDOWS\SYSTEM32\dhcpcsvc.DLL
0x00007ffd823b0000 - 0x00007ffd823be000 	C:\Users\Alunos\.vscode\extensions\redhat.java-1.54.0-win32-x64\jre\21.0.10-win32-x86_64\bin\sunmscapi.dll
0x00007ffd86630000 - 0x00007ffd867a8000 	C:\WINDOWS\System32\CRYPT32.dll
0x00007ffd84f10000 - 0x00007ffd84f40000 	C:\WINDOWS\SYSTEM32\ncrypt.dll
0x00007ffd84e70000 - 0x00007ffd84eaf000 	C:\WINDOWS\SYSTEM32\NTASN1.dll
0x00007ffd83eb0000 - 0x00007ffd83fe2000 	C:\WINDOWS\SYSTEM32\DNSAPI.dll
0x00007ffd7e510000 - 0x00007ffd7e51b000 	C:\Windows\System32\rasadhlp.dll
0x00007ffd5feb0000 - 0x00007ffd5feb9000 	C:\Users\Alunos\.vscode\extensions\redhat.java-1.54.0-win32-x64\jre\21.0.10-win32-x86_64\bin\extnet.dll

JVMTI agents:
c:\Users\Alunos\.vscode\extensions\redhat.java-1.54.0-win32-x64\lombok\lombok-1.18.39-4050.jar path:c:\Users\Alunos\.vscode\extensions\redhat.java-1.54.0-win32-x64\jre\21.0.10-win32-x86_64\bin\instrument.dll, loaded, initialized, instrumentlib options:none

dbghelp: loaded successfully - version: 4.0.5 - missing functions: none
symbol engine: initialized successfully - sym options: 0x614 - pdb path: .;c:\Users\Alunos\.vscode\extensions\redhat.java-1.54.0-win32-x64\jre\21.0.10-win32-x86_64\bin;C:\WINDOWS\SYSTEM32;C:\WINDOWS\WinSxS\amd64_microsoft.windows.common-controls_6595b64144ccf1df_6.0.26100.8457_none_3e0b2faee331e92d;c:\Users\Alunos\.vscode\extensions\redhat.java-1.54.0-win32-x64\jre\21.0.10-win32-x86_64\bin\server;C:\Users\Alunos\AppData\Roaming\Code\User\globalStorage\redhat.java\1.54.0\config_win\org.eclipse.equinox.launcher\org.eclipse.equinox.launcher.win32.win32.x86_64_1.3.0.v20260203-2149;C:\Users\Alunos\AppData\Local\Temp\jna-1964229896

VM Arguments:
jvm_args: --add-modules=ALL-SYSTEM --add-opens=java.base/java.util=ALL-UNNAMED --add-opens=java.base/java.lang=ALL-UNNAMED --add-opens=java.base/sun.nio.fs=ALL-UNNAMED -Declipse.application=org.eclipse.jdt.ls.core.id1 -Dosgi.bundles.defaultStartLevel=4 -Declipse.product=org.eclipse.jdt.ls.core.product -Djava.import.generatesMetadataFilesAtProjectRoot=false -DDetectVMInstallationsJob.disabled=true -Dfile.encoding=utf8 -XX:+UseParallelGC -XX:GCTimeRatio=4 -XX:AdaptiveSizePolicyWeight=90 -Dsun.zip.disableMemoryMapping=true -Xmx2G -Xms100m -Xlog:disable -javaagent:c:\Users\Alunos\.vscode\extensions\redhat.java-1.54.0-win32-x64\lombok\lombok-1.18.39-4050.jar -XX:+HeapDumpOnOutOfMemoryError -XX:HeapDumpPath=c:\Users\Alunos\AppData\Roaming\Code\User\workspaceStorage\6147d79d888cd43bad555ed036615115\redhat.java -Daether.dependencyCollector.impl=bf 
java_command: c:\Users\Alunos\.vscode\extensions\redhat.java-1.54.0-win32-x64\server\plugins\org.eclipse.equinox.launcher_1.7.100.v20251111-0406.jar -configuration c:\Users\Alunos\AppData\Roaming\Code\User\globalStorage\redhat.java\1.54.0\config_win -data c:\Users\Alunos\AppData\Roaming\Code\User\workspaceStorage\6147d79d888cd43bad555ed036615115\redhat.java\jdt_ws --pipe=\\.\pipe\lsp-7672868ae0a7b301f9838c6da529ce41-sock
java_class_path (initial): c:\Users\Alunos\.vscode\extensions\redhat.java-1.54.0-win32-x64\server\plugins\org.eclipse.equinox.launcher_1.7.100.v20251111-0406.jar
Launcher Type: SUN_STANDARD

[Global flags]
    uintx AdaptiveSizePolicyWeight                 = 90                                        {product} {command line}
     intx CICompilerCount                          = 3                                         {product} {ergonomic}
    uintx GCTimeRatio                              = 4                                         {product} {command line}
     bool HeapDumpOnOutOfMemoryError               = true                                   {manageable} {command line}
    ccstr HeapDumpPath                             = c:\Users\Alunos\AppData\Roaming\Code\User\workspaceStorage\6147d79d888cd43bad555ed036615115\redhat.java         {manageable} {command line}
   size_t InitialHeapSize                          = 104857600                                 {product} {command line}
   size_t MaxHeapSize                              = 2147483648                                {product} {command line}
   size_t MaxNewSize                               = 715653120                                 {product} {ergonomic}
   size_t MinHeapDeltaBytes                        = 524288                                    {product} {ergonomic}
   size_t MinHeapSize                              = 104857600                                 {product} {command line}
   size_t NewSize                                  = 34603008                                  {product} {ergonomic}
    uintx NonNMethodCodeHeapSize                   = 5832780                                {pd product} {ergonomic}
    uintx NonProfiledCodeHeapSize                  = 122912730                              {pd product} {ergonomic}
   size_t OldSize                                  = 70254592                                  {product} {ergonomic}
    uintx ProfiledCodeHeapSize                     = 122912730                              {pd product} {ergonomic}
    uintx ReservedCodeCacheSize                    = 251658240                              {pd product} {ergonomic}
     bool SegmentedCodeCache                       = true                                      {product} {ergonomic}
   size_t SoftMaxHeapSize                          = 2147483648                             {manageable} {ergonomic}
     bool UseCompressedOops                        = true                           {product lp64_product} {ergonomic}
     bool UseLargePagesIndividualAllocation        = false                                  {pd product} {ergonomic}
     bool UseParallelGC                            = true                                      {product} {command line}

Logging:
Log output configuration:
 #0: stdout all=off uptime,level,tags foldmultilines=false
 #1: stderr all=off uptime,level,tags foldmultilines=false

Release file:
JAVA_VERSION="21.0.10" 
MODULES="java.base java.compiler java.datatransfer java.xml java.prefs java.desktop java.instrument java.logging java.management java.security.sasl java.naming java.rmi java.management.rmi java.net.http java.scripting java.security.jgss java.transaction.xa java.sql java.sql.rowset java.xml.crypto java.se java.smartcardio jdk.accessibility jdk.internal.jvmstat jdk.attach jdk.charsets jdk.internal.opt jdk.zipfs jdk.compiler jdk.crypto.ec jdk.crypto.cryptoki jdk.crypto.mscapi jdk.dynalink jdk.internal.ed jdk.editpad jdk.hotspot.agent jdk.httpserver jdk.internal.le jdk.internal.vm.ci jdk.internal.vm.compiler jdk.internal.vm.compiler.management jdk.jartool jdk.javadoc jdk.jcmd jdk.management jdk.management.agent jdk.jconsole jdk.jdeps jdk.jdwp.agent jdk.jdi jdk.jfr jdk.jshell jdk.jsobject jdk.jstatd jdk.localedata jdk.management.jfr jdk.naming.dns jdk.naming.rmi jdk.net jdk.nio.mapmode jdk.random jdk.sctp jdk.security.auth jdk.security.jgss jdk.unsupported jdk.unsupported.desktop jdk.xml.dom" 

Environment Variables:
PATH=C:\Program Files\Common Files\Oracle\Java\javapath;C:\Program Files\Python313\Scripts\;C:\Program Files\Python313\;C:\WINDOWS\system32;C:\WINDOWS;C:\WINDOWS\System32\Wbem;C:\WINDOWS\System32\WindowsPowerShell\v1.0\;C:\WINDOWS\System32\OpenSSH\;C:\Program Files\dotnet\;C:\Program Files\Docker\Docker\resources\bin;C:\Program Files\nodejs\;C:\ProgramData\chocolatey\bin;C:\Program Files\Git\cmd;C:\xampp\php;C:\ProgramData\ComposerSetup\bin;C:\Program Files\Cloudflare\Cloudflare WARP\;C:\Users\Alunos\AppData\Local\Microsoft\WindowsApps;C:\Users\Alunos\AppData\Local\Programs\Microsoft VS Code\bin;C:\Users\Alunos\.dotnet\tools;C:\Users\Alunos\AppData\Roaming\npm;C:\Users\Alunos\AppData\Roaming\Composer\vendor\bin
USERNAME=Alunos
OS=Windows_NT
PROCESSOR_IDENTIFIER=Intel64 Family 6 Model 158 Stepping 9, GenuineIntel
TMP=C:\Users\Alunos\AppData\Local\Temp
TEMP=C:\Users\Alunos\AppData\Local\Temp




Periodic native trim disabled

---------------  S Y S T E M  ---------------

OS:
 Windows 11 , 64 bit Build 26100 (10.0.26100.8328)
OS uptime: 0 days 2:57 hours
Hyper-V role detected

CPU: total 4 (initial active 4) (4 cores per cpu, 1 threads per core) family 6 model 158 stepping 9 microcode 0xde, cx8, cmov, fxsr, mmx, 3dnowpref, sse, sse2, sse3, ssse3, sse4.1, sse4.2, popcnt, lzcnt, tsc, tscinvbit, avx, avx2, aes, erms, clmul, bmi1, bmi2, rtm, adx, fma, vzeroupper, clflush, clflushopt, hv, rdtscp, f16c
Processor Information for the first 4 processors :
  Max Mhz: 3408, Current Mhz: 3408, Mhz Limit: 3408

Memory: 4k page, system-wide physical 8098M (583M free)
TotalPageFile size 8098M (AvailPageFile size 14M)
current process WorkingSet (physical memory assigned to process): 1620M, peak: 1620M
current process commit charge ("private bytes"): 1648M, peak: 1649M

vm_info: OpenJDK 64-Bit Server VM (21.0.10+7-LTS) for windows-amd64 JRE (21.0.10+7-LTS), built on 2026-01-20T00:00:00Z by "admin" with MS VC++ 17.12 (VS2022)

END.
